// Jest Snapshot v1, https://goo.gl/fbAQLP

exports[`Storyshots Components/Buttons/StepperButton Standard 1`] = `
Object {
  "_$litType$": 1,
  "strings": Array [
    "
    <button
      type=\\"button\\"
      ?disabled=",
    "
      class=\\"btn btn-icon btn-stepper\\"
    >
      <span class=\\"material-icons\\">",
    "</span>
    </button>
  ",
  ],
  "values": Array [
    false,
    "add",
  ],
}
`;
