// Jest Snapshot v1, https://goo.gl/fbAQLP

exports[`Storyshots Components/Tiles/CartTile Standard 1`] = `
Object {
  "_$litType$": 1,
  "strings": Array [
    "
        <div class=\\"tile cart-tile\\">
            ",
    "
        </div>
     ",
  ],
  "values": Array [
    Object {
      "_$litType$": 1,
      "strings": Array [
        "
        <div class=\\"tile__info\\">
            <div class=\\"tile__info__controls\\">
                ",
        "
                <div class=\\"w-100 d-flex justify-content-end tile-control\\">
                    <button type=\\"button\\" class=\\"btn btn-icon btn-icon-w-text horizontal\\">
                        Remove
                        <span class=\\"material-icons-outlined ms-1\\">delete</span>
                    </button>
                </div>
            </div>
            <div class=\\"d-flex flex-column w-100\\">
                <div class=\\"mb-2\\">
                    ",
        "
                </div> 
                <div class=\\"d-flex flex-column flex-sm-row justify-content-between w-100\\">
                    ",
        "
                    <div class=\\"d-flex flex-column mt-3 mt-sm-0 justify-content-end\\">
                        ",
        "
                        <div class=\\"form-check mt-2 form-switch toggle\\">
                            <input class=\\"form-check-input\\" checked type=\\"checkbox\\" id=\\"flexSwitchCheckDefault\\" aria-label=\\"Toggle Switch\\">
                            <label class=\\"form-check-label\\" for=\\"flexSwitchCheckDefault\\">Toggle Switch</label> 
                        </div>
                    </div>
                </div>    
            </div>
        </div>
    ",
      ],
      "values": Array [
        Object {
          "_$litType$": 1,
          "strings": Array [
            "
            <div class=\\"form-check\\">
                <input type=\\"checkbox\\" class=\\"form-check-input\\" ?checked=",
            "  ?disabled=",
            " id=\\"customCheck111-33\\" />
                <label class=",
            " for=\\"customCheck111-33\\">Check this custom checkbox</label>
            </div>
        ",
          ],
          "values": Array [
            false,
            undefined,
            "form-check-label visually-hidden",
          ],
        },
        Object {
          "_$litType$": 1,
          "strings": Array [
            "<a href=",
            " class=",
            " target=",
            ">",
            "</a>",
          ],
          "values": Array [
            "http://www.cardinalhealth.com",
            "inline text-break tile-title",
            "_self",
            "Heparin Sodium 5000 units/0.5 mL Preservative-Free CarpujectTM Syringe, 0.5 mL x 50 EA",
          ],
        },
        Object {
          "_$litType$": 1,
          "strings": Array [
            "
        <div class=\\"d-flex w-100 flex-column\\">
            <div class=\\"d-flex flex-column flex-sm-row\\">
                <div class=\\"me-sm-2\\">
                    <span class=\\"text-muted sub-title-3 me-1\\">PO#:</span>
                    <span class=\\"sub-title-3\\">12345123451234512345</span>
                </div>  
                <div>
                    <span>
                        <span class=\\"text-muted sub-title-3 me-1\\">Lines:</span>
                        <span class=\\"sub-title-3\\">4</span>
                    </span>
                    <span class=\\"ms-2\\">
                        <span class=\\"text-muted sub-title-3 me-1\\">Pieces:</span>
                        <span class=\\"sub-title-3\\">6</span>
                    <span> 
                </div>
            </div>
            <div>
                <span>
                    <span class=\\"text-muted sub-title-3 me-1\\">Last Updated:</span>
                    <span class=\\"sub-title-3\\">
                        Sreekanth_Kanamarlapudi 11/04/2021 8:30 AM
                    </span>
                </span>
            </div>
        </div>
    ",
          ],
          "values": Array [],
        },
        Object {
          "_$litType$": 1,
          "strings": Array [
            "
    <div class=\\"product-price\\">
      <span class=\\"sub-title-3 text-muted text-uppercase\\">invoice cost</span>
      <span class=\\"h5 mb-1 lh-1\\">$999.99</span>
      <span class=\\"lh-1\\"><span class=\\"text-uppercase text-muted\\">UOI: </span>$99.9999</span>
    </div>
   ",
          ],
          "values": Array [],
        },
      ],
    },
  ],
}
`;
