// Jest Snapshot v1, https://goo.gl/fbAQLP

exports[`Storyshots Forms/TextArea Default 1`] = `
Object {
  "_$litType$": 1,
  "strings": Array [
    "
   <div class=\\"form-group\\">
      <textarea class=\\"form-control\\" id=\\"exampleFormControlTextarea1\\" placeholder=\\"Text area example\\" rows=\\"3\\"></textarea>
      <label for=\\"floatingInput\\">Label</label>
   </div>
   ",
  ],
  "values": Array [],
}
`;
