// Jest Snapshot v1, https://goo.gl/fbAQLP

exports[`Storyshots Components/Buttons/CalendarButton Standard 1`] = `
Object {
  "_$litType$": 1,
  "strings": Array [
    "
    <div class=",
    ">
      ",
    "
      <input type=\\"checkbox\\" class=\\"btn-check\\" id=\\"btn-check\\" ?disabled=",
    " ?checked=",
    "  autocomplete=\\"off\\">
      <label class=\\"btn\\" for=\\"btn-check\\">
        <div class=\\"d-flex flex-column justify-content-evenly\\">
          <span class=\\"material-icons icon\\">done</span>
          <span class=\\"day\\">Sat</span>
          <span class=\\"date\\">5</span>
        </div>
      </label>
     </div>
   ",
  ],
  "values": Array [
    "calendar-btn-wrapper ",
    "",
    false,
    false,
  ],
}
`;
