// Jest Snapshot v1, https://goo.gl/fbAQLP

exports[`Storyshots Forms/InputSpinner Default 1`] = `
Object {
  "_$litType$": 1,
  "strings": Array [
    "
    <div class=",
    " for=\\"quantity\\">
      <button ?disabled=",
    " onclick=\\"\\" class=\\"btn icon-button left\\">
        <span class=\\"material-icons\\">
          remove
        </span>
      </button>
      <input ?disabled=",
    " class=\\"quantity\\" id=\\"quantity\\" value=\\"0\\" min=\\"0\\" max=\\"9999\\" name=\\"quantity\\" type=\\"number\\">
      <label for=\\"quantity\\">Qty</label>
      <button ?disabled=",
    " onclick=\\"\\" class=\\"btn icon-button right\\">
        <span class=\\"material-icons\\">
          add
        </span>
      </button>
    </div>
  ",
  ],
  "values": Array [
    "input-spinner ",
    false,
    false,
    false,
  ],
}
`;
